[backblue.gif]
[fade.gif]
[index.html]
[localhost/qtsc_starter1/templates/shaper_helixultimate/images/favicon.ico]
[localhost/qtsc_starter1/images/2018/02/22/hero.jpg]
[localhost/qtsc_starter1/media/system/js/coref861.js]
[localhost/qtsc_starter1/media/jui/js/jquery.minf861.js]
[localhost/qtsc_starter1/media/jui/js/jquery-noconflictf861.js]
[localhost/qtsc_starter1/media/jui/js/jquery-migrate.minf861.js]
[localhost/qtsc_starter1/components/com_sppagebuilder/assets/js/sppagebuilder.js]
[localhost/qtsc_starter1/components/com_sppagebuilder/assets/js/jquery.magnific-popup.min.js]
[localhost/qtsc_starter1/templates/shaper_helixultimate/js/popper.min.js]
[localhost/qtsc_starter1/templates/shaper_helixultimate/js/bootstrap.min.js]
[localhost/qtsc_starter1/templates/shaper_helixultimate/js/main.js]
[localhost/qtsc_starter1/components/com_speasyimagegallery/assets/js/script-min.js]
[localhost/qtsc_starter1/images/gallery1-small.jpg]
[localhost/qtsc_starter1/images/2018/02/22/img1.jpg]
[localhost/qtsc_starter1/images/2018/02/22/img2.jpg]
[localhost/qtsc_starter1/images/2018/02/22/avatar.jpg]
[localhost/qtsc_starter1/images/2018/02/22/client1.png]
[localhost/qtsc_starter1/images/2018/02/22/client2.png]
[localhost/qtsc_starter1/images/2018/02/22/client3.png]
[localhost/qtsc_starter1/images/2018/02/22/client4.png]
[localhost/qtsc_starter1/images/speasyimagegallery/albums/1/images/gallery1.jpg]
[localhost/qtsc_starter1/images/speasyimagegallery/albums/1/images/gallery1_thumb.jpg]
[localhost/qtsc_starter1/images/speasyimagegallery/albums/1/images/gallery2.jpg]
[localhost/qtsc_starter1/images/speasyimagegallery/albums/1/images/gallery2_thumb.jpg]
[localhost/qtsc_starter1/images/speasyimagegallery/albums/1/images/gallery3.jpg]
[localhost/qtsc_starter1/images/speasyimagegallery/albums/1/images/gallery3_thumb.jpg]
[localhost/qtsc_starter1/images/speasyimagegallery/albums/1/images/gallery4.jpg]
[localhost/qtsc_starter1/images/speasyimagegallery/albums/1/images/gallery4_thumb.jpg]
[localhost/qtsc_starter1/images/speasyimagegallery/albums/1/images/gallery5.jpg]
[localhost/qtsc_starter1/images/speasyimagegallery/albums/1/images/gallery5_thumb.jpg]
[localhost/qtsc_starter1/images/speasyimagegallery/albums/1/images/gallery6.jpg]
[localhost/qtsc_starter1/images/speasyimagegallery/albums/1/images/gallery6_thumb.jpg]
[localhost/qtsc_starter1/index.html]
[localhost/qtsc_starter1/components/com_sppagebuilder/assets/fonts/fontawesome-webfont3e6e.eot]
[localhost/qtsc_starter1/components/com_sppagebuilder/assets/fonts/fontawesome-webfontd41d.eot]
[localhost/qtsc_starter1/components/com_sppagebuilder/assets/fonts/fontawesome-webfont3e6e.woff2]
[localhost/qtsc_starter1/components/com_sppagebuilder/assets/fonts/fontawesome-webfont3e6e.woff]
[localhost/qtsc_starter1/components/com_sppagebuilder/assets/fonts/fontawesome-webfont3e6e.ttf]
[localhost/qtsc_starter1/components/com_sppagebuilder/assets/css/font-awesome.min.css]
[localhost/qtsc_starter1/components/com_sppagebuilder/assets/css/animate.min.css]
[localhost/qtsc_starter1/components/com_sppagebuilder/assets/css/sppagebuilder.css]
[localhost/qtsc_starter1/components/com_sppagebuilder/assets/css/sppagecontainer.css]
[localhost/qtsc_starter1/components/com_sppagebuilder/assets/css/magnific-popup.css]
[localhost/qtsc_starter1/templates/shaper_helixultimate/css/bootstrap.min.css]
[localhost/qtsc_starter1/templates/shaper_helixultimate/fonts/fontawesome-webfont3e6e.eot]
[localhost/qtsc_starter1/templates/shaper_helixultimate/fonts/fontawesome-webfontd41d.eot]
[localhost/qtsc_starter1/templates/shaper_helixultimate/fonts/fontawesome-webfont3e6e.woff2]
[localhost/qtsc_starter1/templates/shaper_helixultimate/fonts/fontawesome-webfont3e6e.woff]
[localhost/qtsc_starter1/templates/shaper_helixultimate/fonts/fontawesome-webfont3e6e.ttf]
[localhost/qtsc_starter1/templates/shaper_helixultimate/css/font-awesome.min.css]
[localhost/qtsc_starter1/templates/shaper_helixultimate/css/template.css]
[localhost/qtsc_starter1/templates/shaper_helixultimate/css/presets/default.css]
[localhost/qtsc_starter1/components/com_speasyimagegallery/assets/css/style-min.css]
[localhost/qtsc_starter1/templates/shaper_helixultimate/images/presets/preset1/logo.svg]
[localhost/qtsc_starter1/index-2.html]
[localhost/qtsc_starter1/components/com_spsimpleportfolio/assets/js/jquery.shuffle.modernizr.min.js]
[localhost/qtsc_starter1/components/com_spsimpleportfolio/assets/js/featherlight.min.js]
[localhost/qtsc_starter1/components/com_spsimpleportfolio/assets/js/spsimpleportfolio.js]
[localhost/qtsc_starter1/images/spsimpleportfolio/visualize-impactful-mindshare/portfolio1_600x400.jpg]
[localhost/qtsc_starter1/images/spsimpleportfolio/portfolio1.jpg]
[localhost/qtsc_starter1/images/spsimpleportfolio/enable-value-added-convergence/portfolio2_600x800.jpg]
[localhost/qtsc_starter1/images/spsimpleportfolio/portfolio2.jpg]
[localhost/qtsc_starter1/images/spsimpleportfolio/visualize-vertical-interfaces/portfolio3_600x600.jpg]
[localhost/qtsc_starter1/images/spsimpleportfolio/portfolio3.jpg]
[localhost/qtsc_starter1/images/spsimpleportfolio/integrate-clicks-and-mortar-methodologies/portfolio4_600x800.jpg]
[localhost/qtsc_starter1/images/spsimpleportfolio/portfolio4.jpg]
[localhost/qtsc_starter1/images/spsimpleportfolio/streamline-customized-models/portfolio5_600x400.jpg]
[localhost/qtsc_starter1/images/spsimpleportfolio/portfolio5.jpg]
[localhost/qtsc_starter1/images/spsimpleportfolio/architect-ubiquitous-deliverables/portfolio6_600x600.jpg]
[localhost/qtsc_starter1/images/spsimpleportfolio/portfolio6.jpg]
[localhost/qtsc_starter1/images/spsimpleportfolio/repurpose-viral-metrics/portfolio7_600x600.jpg]
[localhost/qtsc_starter1/images/spsimpleportfolio/portfolio7.jpg]
[localhost/qtsc_starter1/images/spsimpleportfolio/matrix-holistic-deliverables/portfolio8_600x400.jpg]
[localhost/qtsc_starter1/images/spsimpleportfolio/portfolio8.jpg]
[localhost/qtsc_starter1/index.php/portfolio.html]
[localhost/qtsc_starter1/images/speasyimagegallery/albums/1/images/gallery7.jpg]
[localhost/qtsc_starter1/images/speasyimagegallery/albums/1/images/gallery7_thumb.jpg]
[localhost/qtsc_starter1/images/speasyimagegallery/albums/1/images/gallery8.jpg]
[localhost/qtsc_starter1/images/speasyimagegallery/albums/1/images/gallery8_thumb.jpg]
[localhost/qtsc_starter1/images/speasyimagegallery/albums/1/images/gallery9.jpg]
[localhost/qtsc_starter1/images/speasyimagegallery/albums/1/images/gallery9_thumb.jpg]
[localhost/qtsc_starter1/images/speasyimagegallery/albums/1/images/gallery10.jpg]
[localhost/qtsc_starter1/images/speasyimagegallery/albums/1/images/gallery10_thumb.jpg]
[localhost/qtsc_starter1/images/speasyimagegallery/albums/1/images/gallery11.jpg]
[localhost/qtsc_starter1/images/speasyimagegallery/albums/1/images/gallery11_thumb.jpg]
[localhost/qtsc_starter1/images/speasyimagegallery/albums/1/images/gallery12.jpg]
[localhost/qtsc_starter1/images/speasyimagegallery/albums/1/images/gallery12_thumb.jpg]
[localhost/qtsc_starter1/index.php/gallery.html]
[localhost/qtsc_starter1/images/2018/02/22/person1.jpg]
[localhost/qtsc_starter1/images/2018/02/22/person2.jpg]
[localhost/qtsc_starter1/images/2018/02/22/person3.jpg]
[localhost/qtsc_starter1/index.php/about.html]
[localhost/qtsc_starter1/index.php/pages/services.html]
[localhost/qtsc_starter1/media/system/js/keepalivef861.js]
[localhost/qtsc_starter1/media/system/js/punycodef861.js]
[localhost/qtsc_starter1/media/system/js/validatef861.js]
[localhost/qtsc_starter1/index.php/pages/contact.html]
[localhost/qtsc_starter1/index.php/pages/login.html]
[localhost/qtsc_starter1/index.php/pages/registration.html]
[localhost/qtsc_starter1/indexf2ce.html]
[localhost/qtsc_starter1/index114a.html]
[localhost/qtsc_starter1/index.php/blogc0d0]
[localhost/qtsc_starter1/index.php/blog7b17]
[localhost/qtsc_starter1/media/system/js/captionf861.js]
[localhost/qtsc_starter1/images/2018/02/23/blog3_thumbnail.jpg]
[localhost/qtsc_starter1/images/2018/02/23/blog12_thumbnail.jpg]
[localhost/qtsc_starter1/images/2018/02/23/blog4_thumbnail.jpg]
[localhost/qtsc_starter1/images/2018/02/23/blog5_thumbnail.jpg]
[localhost/qtsc_starter1/images/2018/02/23/blog31.jpg]
[localhost/qtsc_starter1/images/2018/02/23/blog41.jpg]
[localhost/qtsc_starter1/images/2018/02/23/blog51.jpg]
[localhost/qtsc_starter1/images/2018/02/23/blog111.jpg]
[localhost/qtsc_starter1/images/2018/02/23/blog10_thumbnail.jpg]
[localhost/qtsc_starter1/images/2018/02/23/blog81_thumbnail.jpg]
[localhost/qtsc_starter1/index.php/blog.html]
[localhost/qtsc_starter1/images/2018/02/23/blog3.jpg]
[localhost/qtsc_starter1/images/2018/02/23/blog12.jpg]
[localhost/qtsc_starter1/images/2018/02/23/blog4.jpg]
[localhost/qtsc_starter1/index.php/blog/how-marching-for-science-risks-politicizing-it.html]
[localhost/qtsc_starter1/index.php/blog/after-setbacks-and-suits-miami-to-open-science-museum.html]
[localhost/qtsc_starter1/components/com_sppagebuilder/assets/fonts/fontawesome-webfont3e6e.svg]
[localhost/qtsc_starter1/templates/shaper_helixultimate/fonts/fontawesome-webfont3e6e.svg]
[localhost/qtsc_starter1/components/com_spsimpleportfolio/assets/css/featherlight.min.css]
[localhost/qtsc_starter1/components/com_spsimpleportfolio/assets/img/icon-play.png]
[localhost/qtsc_starter1/components/com_spsimpleportfolio/assets/css/spsimpleportfolio.css]
[localhost/qtsc_starter1/index.php/portfolio/item/1-visualize-impactful-mindshare.html]
[localhost/qtsc_starter1/index.php/portfolio/item/2-enable-value-added-convergence.html]
[localhost/qtsc_starter1/index.php/portfolio/item/3-visualize-vertical-interfaces.html]
[localhost/qtsc_starter1/index.php/portfolio/item/4-integrate-clicks-and-mortar-methodologies.html]
[localhost/qtsc_starter1/index.php/portfolio/item/5-streamline-customized-models.html]
[localhost/qtsc_starter1/index.php/portfolio/item/6-architect-ubiquitous-deliverables.html]
[localhost/qtsc_starter1/index.php/portfolio/item/7-repurpose-viral-metrics.html]
[localhost/qtsc_starter1/index.php/portfolio/item/8-matrix-holistic-deliverables.html]
[localhost/qtsc_starter1/index.php/pages/registration798d.html]
[localhost/qtsc_starter1/index.php/pages/registration4488.html]
[localhost/qtsc_starter1/index.php/blog/the-new-threat-to-wolves-in-and-around-yellowstone.html]
[localhost/qtsc_starter1/index.php/blog/broke-a-glass-someday-you-might-3-d-print-a-new-one.html]
[localhost/qtsc_starter1/images/2018/02/23/blog5.jpg]
[localhost/qtsc_starter1/index.php/blog/jimmy-kimmel-sheds-light-on-health-coverage.html]
[localhost/qtsc_starter1/index.php/blog/as-arctic-ice-vanishes-new-shipping-routes-open.html]
[localhost/qtsc_starter1/index.php/blog/want-to-make-more-baskets-science-has-the-answer.html]
[localhost/qtsc_starter1/images/2018/02/23/blog10.jpg]
[localhost/qtsc_starter1/index.php/blog/debate-over-paris-climate-deal-could-turn-on-a-single-phrase.html]
[localhost/qtsc_starter1/images/2018/02/23/blog81.jpg]
[localhost/qtsc_starter1/index.php/blog/the-making-of-a-legacy-first-steps-in-the-trump-era.html]
[localhost/qtsc_starter1/index.php/blog/how-marching-for-science-risks-politicizing-it425e.html]
[localhost/qtsc_starter1/index.php/component/mailto/indexe6a4.html]
[localhost/qtsc_starter1/index.php/blog/after-setbacks-and-suits-miami-to-open-science-museum425e.html]
[localhost/qtsc_starter1/index.php/component/mailto/index8549.html]
[localhost/qtsc_starter1/index.php/blog/the-new-threat-to-wolves-in-and-around-yellowstone425e.html]
[localhost/qtsc_starter1/index.php/component/mailto/indexf84c.html]
[localhost/qtsc_starter1/index.php/blog/broke-a-glass-someday-you-might-3-d-print-a-new-one425e.html]
[localhost/qtsc_starter1/index.php/component/mailto/index5e72.html]
[localhost/qtsc_starter1/index.php/blog/jimmy-kimmel-sheds-light-on-health-coverage425e.html]
[localhost/qtsc_starter1/index.php/component/mailto/indexf625.html]
[localhost/qtsc_starter1/index.php/blog/as-arctic-ice-vanishes-new-shipping-routes-open425e.html]
[localhost/qtsc_starter1/index.php/component/mailto/index40e4.html]
[localhost/qtsc_starter1/index.php/blog/want-to-make-more-baskets-science-has-the-answer425e.html]
[localhost/qtsc_starter1/index.php/component/mailto/index7a5b.html]
[localhost/qtsc_starter1/index.php/blog/debate-over-paris-climate-deal-could-turn-on-a-single-phrase425e.html]
[localhost/qtsc_starter1/index.php/component/mailto/index973a.html]
[localhost/qtsc_starter1/index.php/blog/the-making-of-a-legacy-first-steps-in-the-trump-era425e.html]
[localhost/qtsc_starter1/index.php/component/mailto/index067c.html]
